Archive member included because of file (symbol)

c:/freescale/kds_v3/toolchain/bin/../lib/gcc/arm-none-eabi/4.8.4/../../../../arm-none-eabi/lib/armv6-m\libm.a(lib_a-w_pow.o)
                              ./Sources/log.o (pow)
c:/freescale/kds_v3/toolchain/bin/../lib/gcc/arm-none-eabi/4.8.4/../../../../arm-none-eabi/lib/armv6-m\libm.a(lib_a-e_pow.o)
                              c:/freescale/kds_v3/toolchain/bin/../lib/gcc/arm-none-eabi/4.8.4/../../../../arm-none-eabi/lib/armv6-m\libm.a(lib_a-w_pow.o) (__ieee754_pow)
c:/freescale/kds_v3/toolchain/bin/../lib/gcc/arm-none-eabi/4.8.4/../../../../arm-none-eabi/lib/armv6-m\libm.a(lib_a-e_sqrt.o)
                              c:/freescale/kds_v3/toolchain/bin/../lib/gcc/arm-none-eabi/4.8.4/../../../../arm-none-eabi/lib/armv6-m\libm.a(lib_a-e_pow.o) (__ieee754_sqrt)
c:/freescale/kds_v3/toolchain/bin/../lib/gcc/arm-none-eabi/4.8.4/../../../../arm-none-eabi/lib/armv6-m\libm.a(lib_a-s_fabs.o)
                              c:/freescale/kds_v3/toolchain/bin/../lib/gcc/arm-none-eabi/4.8.4/../../../../arm-none-eabi/lib/armv6-m\libm.a(lib_a-e_pow.o) (fabs)
c:/freescale/kds_v3/toolchain/bin/../lib/gcc/arm-none-eabi/4.8.4/../../../../arm-none-eabi/lib/armv6-m\libm.a(lib_a-s_finite.o)
                              c:/freescale/kds_v3/toolchain/bin/../lib/gcc/arm-none-eabi/4.8.4/../../../../arm-none-eabi/lib/armv6-m\libm.a(lib_a-w_pow.o) (finite)
c:/freescale/kds_v3/toolchain/bin/../lib/gcc/arm-none-eabi/4.8.4/../../../../arm-none-eabi/lib/armv6-m\libm.a(lib_a-s_fpclassify.o)
                              c:/freescale/kds_v3/toolchain/bin/../lib/gcc/arm-none-eabi/4.8.4/../../../../arm-none-eabi/lib/armv6-m\libm.a(lib_a-w_pow.o) (__fpclassifyd)
c:/freescale/kds_v3/toolchain/bin/../lib/gcc/arm-none-eabi/4.8.4/../../../../arm-none-eabi/lib/armv6-m\libm.a(lib_a-s_lib_ver.o)
                              c:/freescale/kds_v3/toolchain/bin/../lib/gcc/arm-none-eabi/4.8.4/../../../../arm-none-eabi/lib/armv6-m\libm.a(lib_a-w_pow.o) (__fdlib_version)
c:/freescale/kds_v3/toolchain/bin/../lib/gcc/arm-none-eabi/4.8.4/../../../../arm-none-eabi/lib/armv6-m\libm.a(lib_a-s_matherr.o)
                              c:/freescale/kds_v3/toolchain/bin/../lib/gcc/arm-none-eabi/4.8.4/../../../../arm-none-eabi/lib/armv6-m\libm.a(lib_a-w_pow.o) (matherr)
c:/freescale/kds_v3/toolchain/bin/../lib/gcc/arm-none-eabi/4.8.4/../../../../arm-none-eabi/lib/armv6-m\libm.a(lib_a-s_nan.o)
                              c:/freescale/kds_v3/toolchain/bin/../lib/gcc/arm-none-eabi/4.8.4/../../../../arm-none-eabi/lib/armv6-m\libm.a(lib_a-e_pow.o) (nan)
c:/freescale/kds_v3/toolchain/bin/../lib/gcc/arm-none-eabi/4.8.4/../../../../arm-none-eabi/lib/armv6-m\libm.a(lib_a-s_rint.o)
                              c:/freescale/kds_v3/toolchain/bin/../lib/gcc/arm-none-eabi/4.8.4/../../../../arm-none-eabi/lib/armv6-m\libm.a(lib_a-w_pow.o) (rint)
c:/freescale/kds_v3/toolchain/bin/../lib/gcc/arm-none-eabi/4.8.4/../../../../arm-none-eabi/lib/armv6-m\libm.a(lib_a-s_scalbn.o)
                              c:/freescale/kds_v3/toolchain/bin/../lib/gcc/arm-none-eabi/4.8.4/../../../../arm-none-eabi/lib/armv6-m\libm.a(lib_a-e_pow.o) (scalbn)
c:/freescale/kds_v3/toolchain/bin/../lib/gcc/arm-none-eabi/4.8.4/../../../../arm-none-eabi/lib/armv6-m\libm.a(lib_a-s_copysign.o)
                              c:/freescale/kds_v3/toolchain/bin/../lib/gcc/arm-none-eabi/4.8.4/../../../../arm-none-eabi/lib/armv6-m\libm.a(lib_a-s_scalbn.o) (copysign)
c:/freescale/kds_v3/toolchain/bin/../lib/gcc/arm-none-eabi/4.8.4/armv6-m\libgcc.a(_udivsi3.o)
                              ./Sources/profiler.o (__aeabi_uidiv)
c:/freescale/kds_v3/toolchain/bin/../lib/gcc/arm-none-eabi/4.8.4/armv6-m\libgcc.a(_divsi3.o)
                              ./Sources/log.o (__aeabi_idiv)
c:/freescale/kds_v3/toolchain/bin/../lib/gcc/arm-none-eabi/4.8.4/armv6-m\libgcc.a(_dvmd_tls.o)
                              c:/freescale/kds_v3/toolchain/bin/../lib/gcc/arm-none-eabi/4.8.4/armv6-m\libgcc.a(_udivsi3.o) (__aeabi_idiv0)
c:/freescale/kds_v3/toolchain/bin/../lib/gcc/arm-none-eabi/4.8.4/armv6-m\libgcc.a(_arm_cmpdf2.o)
                              c:/freescale/kds_v3/toolchain/bin/../lib/gcc/arm-none-eabi/4.8.4/../../../../arm-none-eabi/lib/armv6-m\libm.a(lib_a-w_pow.o) (__aeabi_dcmpeq)
c:/freescale/kds_v3/toolchain/bin/../lib/gcc/arm-none-eabi/4.8.4/armv6-m\libgcc.a(_arm_cmpsf2.o)
                              ./Sources/log.o (__aeabi_fcmplt)
c:/freescale/kds_v3/toolchain/bin/../lib/gcc/arm-none-eabi/4.8.4/armv6-m\libgcc.a(_fixunssfsi.o)
                              ./Sources/message.o (__aeabi_f2uiz)
c:/freescale/kds_v3/toolchain/bin/../lib/gcc/arm-none-eabi/4.8.4/armv6-m\libgcc.a(addsf3.o)
                              ./Sources/profiler.o (__aeabi_fadd)
c:/freescale/kds_v3/toolchain/bin/../lib/gcc/arm-none-eabi/4.8.4/armv6-m\libgcc.a(eqsf2.o)
[...]
Memory Configuration

Name             Origin             Length             Attributes
m_interrupts     0x00000000         0x00000100         xr
m_flash_config   0x00000400         0x00000010         xr
m_text           0x00000410         0x0001fbf0         xr
m_data           0x1ffff000         0x00004000         rw
*default*        0x00000000         0xffffffff

Linker script and memory map

LOAD c:/freescale/kds_v3/toolchain/bin/../lib/gcc/arm-none-eabi/4.8.4/armv6-m/crti.o
LOAD c:/freescale/kds_v3/toolchain/bin/../lib/gcc/arm-none-eabi/4.8.4/armv6-m/crtbegin.o
LOAD c:/freescale/kds_v3/toolchain/bin/../lib/gcc/arm-none-eabi/4.8.4/../../../../arm-none-eabi/lib/armv6-m/crt0.o
LOAD ./Sources/buffer.o
LOAD ./Sources/log.o
LOAD ./Sources/main.o
LOAD ./Sources/message.o
LOAD ./Sources/nordic.o
LOAD ./Sources/profiler.o
LOAD ./Sources/spi.o
LOAD ./Sources/uart.o
LOAD ./Project_Settings/Startup_Code/startup_MKL25Z4.o
LOAD ./Project_Settings/Startup_Code/system_MKL25Z4.o
LOAD ./Includes/.metadata/.plugins/org.eclipse.cdt.managedbuilder.core/spec.o
LOAD ./Includes/.metadata/.plugins/org.eclipse.cdt.make.core/specs.o
LOAD c:/freescale/kds_v3/toolchain/bin/../lib/gcc/arm-none-eabi/4.8.4/../../../../arm-none-eabi/lib/armv6-m\libstdc++_s.a
LOAD c:/freescale/kds_v3/toolchain/bin/../lib/gcc/arm-none-eabi/4.8.4/../../../../arm-none-eabi/lib/armv6-m\libm.a
START GROUP
LOAD c:/freescale/kds_v3/toolchain/bin/../lib/gcc/arm-none-eabi/4.8.4/armv6-m\libgcc.a
LOAD c:/freescale/kds_v3/toolchain/bin/../lib/gcc/arm-none-eabi/4.8.4/../../../../arm-none-eabi/lib/armv6-m\libg_s.a
LOAD c:/freescale/kds_v3/toolchain/bin/../lib/gcc/arm-none-eabi/4.8.4/../../../../arm-none-eabi/lib/armv6-m\libc_s.a
END GROUP
START GROUP
LOAD c:/freescale/kds_v3/toolchain/bin/../lib/gcc/arm-none-eabi/4.8.4/armv6-m\libgcc.a
LOAD c:/freescale/kds_v3/toolchain/bin/../lib/gcc/arm-none-eabi/4.8.4/../../../../arm-none-eabi/lib/armv6-m\libc_s.a
LOAD c:/freescale/kds_v3/toolchain/bin/../lib/gcc/arm-none-eabi/4.8.4/../../../../arm-none-eabi/lib/armv6-m\libnosys.a
END GROUP
START GROUP
LOAD c:/freescale/kds_v3/toolchain/bin/../lib/gcc/arm-none-eabi/4.8.4/armv6-m\libgcc.a
LOAD c:/freescale/kds_v3/toolchain/bin/../lib/gcc/arm-none-eabi/4.8.4/../../../../arm-none-eabi/lib/armv6-m\libc_s.a
LOAD c:/freescale/kds_v3/toolchain/bin/../lib/gcc/arm-none-eabi/4.8.4/../../../../arm-none-eabi/lib/armv6-m\libnosys.a
END GROUP
LOAD c:/freescale/kds_v3/toolchain/bin/../lib/gcc/arm-none-eabi/4.8.4/armv6-m/crtend.o
LOAD c:/freescale/kds_v3/toolchain/bin/../lib/gcc/arm-none-eabi/4.8.4/armv6-m/crtn.o
                0x00000400                HEAP_SIZE = DEFINED (__heap_size__)?__heap_size__:0x400
                0x00000400                STACK_SIZE = DEFINED (__stack_size__)?__stack_size__:0x400

.interrupts     0x00000000       0xc0
                0x00000000                __VECTOR_TABLE = .
                0x00000000                . = ALIGN (0x4)
 *(.isr_vector)
 .isr_vector    0x00000000       0xc0 ./Project_Settings/Startup_Code/startup_MKL25Z4.o
                0x00000000                __isr_vector
                0x000000c0                . = ALIGN (0x4)

.flash_config   0x00000400       0x10
                0x00000400                . = ALIGN (0x4)
 *(.FlashConfig)
 .FlashConfig   0x00000400       0x10 ./Project_Settings/Startup_Code/startup_MKL25Z4.o
                0x00000410                . = ALIGN (0x4)

.text           0x00000410     0x20b4
                0x00000410                . = ALIGN (0x4)
 *(.text)
 .text          0x00000410       0x60 c:/freescale/kds_v3/toolchain/bin/../lib/gcc/arm-none-eabi/4.8.4/armv6-m/crtbegin.o
 .text          0x00000470       0x78 c:/freescale/kds_v3/toolchain/bin/../lib/gcc/arm-none-eabi/4.8.4/../../../../arm-none-eabi/lib/armv6-m/crt0.o
                0x00000470                _start
                0x00000470                _mainCRTStartup
 .text          0x000004e8       0x34 ./Project_Settings/Startup_Code/startup_MKL25Z4.o
                0x000004e8                Reset_Handler
                0x00000514                HardFault_Handler
                0x00000514                SysTick_Handler
                0x00000514                PendSV_Handler
                0x00000514                NMI_Handler
                0x00000514                I2C1_IRQHandler
                0x00000514                UART1_IRQHandler
                0x00000514                DMA2_IRQHandler
                0x00000514                TPM0_IRQHandler
                0x00000514                LLWU_IRQHandler
                0x00000514                TSI0_IRQHandler
                0x00000514                ADC0_IRQHandler
                0x00000514                Reserved39_IRQHandler
                0x00000514                SPI1_IRQHandler
                0x00000514                DefaultISR
                0x00000514                PORTD_IRQHandler
                0x00000514                TPM2_IRQHandler
                0x00000514                RTC_IRQHandler
                0x00000514                I2C0_IRQHandler
                0x00000514                RTC_Seconds_IRQHandler
                0x00000514                MCG_IRQHandler
                0x00000514                UART2_IRQHandler
                0x00000514                Reserved20_IRQHandler
                0x00000514                USB0_IRQHandler
                0x00000514                PIT_IRQHandler
                0x00000514                SVC_Handler
                0x00000514                DMA3_IRQHandler
                0x00000514                DMA0_IRQHandler
                0x00000514                DAC0_IRQHandler
                0x00000514                Reserved45_IRQHandler
                0x00000514                LVD_LVW_IRQHandler
                0x00000514                SPI0_IRQHandler
                0x00000514                PORTA_IRQHandler
                0x00000514                FTFA_IRQHandler
                0x00000514                LPTMR0_IRQHandler
                0x00000514                CMP0_IRQHandler
                0x00000514                DMA1_IRQHandler
 .text          0x0000051c       0x9c c:/freescale/kds_v3/toolchain/bin/../lib/gcc/arm-none-eabi/4.8.4/armv6-m\libgcc.a(_udivsi3.o)
                0x0000051c                __aeabi_uidiv
                0x0000051c                __udivsi3
                0x000005a4                __aeabi_uidivmod
 .text          0x000005b8        0x4 c:/freescale/kds_v3/toolchain/bin/../lib/gcc/arm-none-eabi/4.8.4/armv6-m\libgcc.a(_dvmd_tls.o)
                0x000005b8                __aeabi_idiv0
                0x000005b8                __aeabi_ldiv0
 .text          0x000005bc       0x74 c:/freescale/kds_v3/toolchain/bin/../lib/gcc/arm-none-eabi/4.8.4/armv6-m\libgcc.a(_arm_cmpsf2.o)
                0x000005bc                __aeabi_cfrcmple
                0x000005c4                __aeabi_cfcmpeq
                0x000005c4                __aeabi_cfcmple
                0x000005d4                __aeabi_fcmpeq
                0x000005e0                __aeabi_fcmplt
                0x000005f4                __aeabi_fcmple
                0x00000608                __aeabi_fcmpgt
                0x0000061c                __aeabi_fcmpge
 .text          0x00000630       0x30 c:/freescale/kds_v3/toolchain/bin/../lib/gcc/arm-none-eabi/4.8.4/armv6-m\libgcc.a(_fixunssfsi.o)
                0x00000630                __fixunssfsi
                0x00000630                __aeabi_f2uiz
 .text          0x00000660      0x2d8 c:/freescale/kds_v3/toolchain/bin/../lib/gcc/arm-none-eabi/4.8.4/armv6-m\libgcc.a(addsf3.o)
                0x00000660                __aeabi_fadd
 .text          0x00000938       0x54 c:/freescale/kds_v3/toolchain/bin/../lib/gcc/arm-none-eabi/4.8.4/armv6-m\libgcc.a(eqsf2.o)
                0x00000938                __eqsf2
                0x00000938                __nesf2
 .text          0x0000098c       0x90 c:/freescale/kds_v3/toolchain/bin/../lib/gcc/arm-none-eabi/4.8.4/armv6-m\libgcc.a(gesf2.o)
                0x0000098c                __gesf2
                0x0000098c                __gtsf2
 .text          0x00000a1c       0x98 c:/freescale/kds_v3/toolchain/bin/../lib/gcc/arm-none-eabi/4.8.4/armv6-m\libgcc.a(lesf2.o)
                0x00000a1c                __ltsf2
                0x00000a1c                __lesf2
 .text          0x00000ab4      0x254 c:/freescale/kds_v3/toolchain/bin/../lib/gcc/arm-none-eabi/4.8.4/armv6-m\libgcc.a(mulsf3.o)
                0x00000ab4                __aeabi_fmul
 .text          0x00000d08      0x2ec c:/freescale/kds_v3/toolchain/bin/../lib/gcc/arm-none-eabi/4.8.4/armv6-m\libgcc.a(subsf3.o)
                0x00000d08                __aeabi_fsub
 .text          0x00000ff4       0x40 c:/freescale/kds_v3/toolchain/bin/../lib/gcc/arm-none-eabi/4.8.4/armv6-m\libgcc.a(fixsfsi.o)
                0x00000ff4                __aeabi_f2iz
 .text          0x00001034       0xb8 c:/freescale/kds_v3/toolchain/bin/../lib/gcc/arm-none-eabi/4.8.4/armv6-m\libgcc.a(floatsisf.o)
                0x00001034                __aeabi_i2f
 .text          0x000010ec       0xa0 c:/freescale/kds_v3/toolchain/bin/../lib/gcc/arm-none-eabi/4.8.4/armv6-m\libgcc.a(floatunsisf.o)
                0x000010ec                __aeabi_ui2f
 .text          0x0000118c       0x7c c:/freescale/kds_v3/toolchain/bin/../lib/gcc/arm-none-eabi/4.8.4/armv6-m\libgcc.a(floatsidf.o)
                0x0000118c                __aeabi_i2d
 .text          0x00001208       0x3c c:/freescale/kds_v3/toolchain/bin/../lib/gcc/arm-none-eabi/4.8.4/armv6-m\libgcc.a(_clzsi2.o)
                0x00001208                __clzsi2
 *(.text*)
 .text.Buffer_init
                0x00001244       0x54 ./Sources/buffer.o
                0x00001244                Buffer_init
 .text.BufFull  0x00001298       0x2c ./Sources/buffer.o
                0x00001298                BufFull
 .text.BufEmpty
                0x000012c4       0x2c ./Sources/buffer.o
                0x000012c4                BufEmpty
 .text.Add_Item
                0x000012f0       0x60 ./Sources/buffer.o
                0x000012f0                Add_Item
 .text.Remove_Item
                0x00001350       0x60 ./Sources/buffer.o
                0x00001350                Remove_Item
 .text.LOG_0    0x000013b0       0x54 ./Sources/log.o
                0x000013b0                LOG_0
 .text.LOG_1    0x00001404       0x30 ./Sources/log.o
                0x00001404                LOG_1
 .text.myAtoi   0x00001434       0xa4 ./Sources/log.o
                0x00001434                myAtoi
 .text.converthex
                0x000014d8       0xd4 ./Sources/log.o
                0x000014d8                converthex
 .text.main     0x000015ac      0x14c ./Sources/main.o
                0x000015ac                main
 .text.decode_packet
                0x000016f8      0x114 ./Sources/message.o
                0x000016f8                decode_packet
 .text.ack_nack_transmit
                0x0000180c       0xa4 ./Sources/message.o
                0x0000180c                ack_nack_transmit
 .text.checksum_validate
                0x000018b0       0x64 ./Sources/message.o
                0x000018b0                checksum_validate
 .text.led_control
                0x00001914      0x13c ./Sources/message.o
                0x00001914                led_control
 .text.brightness_control
                0x00001a50      0x2e0 ./Sources/message.o
                0x00001a50                brightness_control
 .text.dance    0x00001d30       0xf0 ./Sources/message.o
                0x00001d30                dance
 .text.NVIC_EnableIRQ
                0x00001e20       0x2c ./Sources/profiler.o
 .text.profiler
                0x00001e4c       0x68 ./Sources/profiler.o
                0x00001e4c                profiler
 .text.start    0x00001eb4       0x18 ./Sources/profiler.o
                0x00001eb4                start
 .text.end      0x00001ecc       0x8c ./Sources/profiler.o
                0x00001ecc                end
 .text.TPM1_IRQHandler
                0x00001f58       0x34 ./Sources/profiler.o
                0x00001f58                TPM1_IRQHandler
 .text.NVIC_EnableIRQ
                0x00001f8c       0x2c ./Sources/uart.o
 .text.uart_init
                0x00001fb8      0x124 ./Sources/uart.o
                0x00001fb8                uart_init
 .text.RGB_init
                0x000020dc       0xec ./Sources/uart.o
                0x000020dc                RGB_init
 .text.UART0_IRQHandler
                0x000021c8       0x5c ./Sources/uart.o
                0x000021c8                UART0_IRQHandler
 .text.SystemInit
                0x00002224       0x18 ./Project_Settings/Startup_Code/system_MKL25Z4.o
                0x00002224                SystemInit
 .text.exit     0x0000223c       0x2c c:/freescale/kds_v3/toolchain/bin/../lib/gcc/arm-none-eabi/4.8.4/../../../../arm-none-eabi/lib/armv6-m\libg_s.a(lib_a-exit.o)
                0x0000223c                exit
 .text.__libc_init_array
                0x00002268       0x4c c:/freescale/kds_v3/toolchain/bin/../lib/gcc/arm-none-eabi/4.8.4/../../../../arm-none-eabi/lib/armv6-m\libg_s.a(lib_a-init.o)
                0x00002268                __libc_init_array
 .text.malloc   0x000022b4       0x14 c:/freescale/kds_v3/toolchain/bin/../lib/gcc/arm-none-eabi/4.8.4/../../../../arm-none-eabi/lib/armv6-m\libg_s.a(lib_a-malloc.o)
                0x000022b4                malloc
 .text.memset   0x000022c8       0x10 c:/freescale/kds_v3/toolchain/bin/../lib/gcc/arm-none-eabi/4.8.4/../../../../arm-none-eabi/lib/armv6-m\libg_s.a(lib_a-memset.o)
                0x000022c8                memset
 .text._malloc_r
                0x000022d8       0xa8 c:/freescale/kds_v3/toolchain/bin/../lib/gcc/arm-none-eabi/4.8.4/../../../../arm-none-eabi/lib/armv6-m\libg_s.a(lib_a-nano-mallocr.o)
                0x000022d8                _malloc_r
 .text._sbrk_r  0x00002380       0x24 c:/freescale/kds_v3/toolchain/bin/../lib/gcc/arm-none-eabi/4.8.4/../../../../arm-none-eabi/lib/armv6-m\libg_s.a(lib_a-sbrkr.o)
                0x00002380                _sbrk_r
 .text._sbrk    0x000023a4       0x34 c:/freescale/kds_v3/toolchain/bin/../lib/gcc/arm-none-eabi/4.8.4/../../../../arm-none-eabi/lib/armv6-m\libnosys.a(sbrk.o)
                0x000023a4                _sbrk
 .text._exit    0x000023d8        0x4 c:/freescale/kds_v3/toolchain/bin/../lib/gcc/arm-none-eabi/4.8.4/../../../../arm-none-eabi/lib/armv6-m\libnosys.a(_exit.o)
                0x000023d8                _exit
 *(.rodata)
 .rodata        0x000023dc       0x28 ./Sources/main.o
 .rodata        0x00002404       0x3c ./Sources/message.o
 .rodata        0x00002440       0x24 ./Sources/profiler.o
 .rodata        0x00002464       0x40 c:/freescale/kds_v3/toolchain/bin/../lib/gcc/arm-none-eabi/4.8.4/armv6-m\libgcc.a(mulsf3.o)
 *(.rodata*)
 .rodata.str1.1
                0x000024a4        0x2 c:/freescale/kds_v3/toolchain/bin/../lib/gcc/arm-none-eabi/4.8.4/../../../../arm-none-eabi/lib/armv6-m\libg_s.a(lib_a-impure.o)
 *fill*         0x000024a6        0x2 
 .rodata._global_impure_ptr
                0x000024a8        0x4 c:/freescale/kds_v3/toolchain/bin/../lib/gcc/arm-none-eabi/4.8.4/../../../../arm-none-eabi/lib/armv6-m\libg_s.a(lib_a-impure.o)
                0x000024a8                _global_impure_ptr
 *(.glue_7)
 .glue_7        0x00000000        0x0 linker stubs
 *(.glue_7t)
 .glue_7t       0x00000000        0x0 linker stubs
 *(.eh_frame)
 .eh_frame      0x000024ac        0x0 c:/freescale/kds_v3/toolchain/bin/../lib/gcc/arm-none-eabi/4.8.4/armv6-m/crtbegin.o
 *(.init)
 .init          0x000024ac        0x4 c:/freescale/kds_v3/toolchain/bin/../lib/gcc/arm-none-eabi/4.8.4/armv6-m/crti.o
                0x000024ac                _init
 .init          0x000024b0        0x8 c:/freescale/kds_v3/toolchain/bin/../lib/gcc/arm-none-eabi/4.8.4/armv6-m/crtn.o
 *(.fini)
 .fini          0x000024b8        0x4 c:/freescale/kds_v3/toolchain/bin/../lib/gcc/arm-none-eabi/4.8.4/armv6-m/crti.o
                0x000024b8                _fini
 .fini          0x000024bc        0x8 c:/freescale/kds_v3/toolchain/bin/../lib/gcc/arm-none-eabi/4.8.4/armv6-m/crtn.o
                0x000024c4                . = ALIGN (0x4)

.vfp11_veneer   0x000024c4        0x0
 .vfp11_veneer  0x00000000        0x0 linker stubs

.v4_bx          0x000024c4        0x0
 .v4_bx         0x00000000        0x0 linker stubs

.iplt           0x000024c4        0x0
 .iplt          0x00000000        0x0 c:/freescale/kds_v3/toolchain/bin/../lib/gcc/arm-none-eabi/4.8.4/armv6-m/crtbegin.o

.ARM.extab
 *(.ARM.extab* .gnu.linkonce.armextab.*)

.ARM            0x000024c4        0x8
                0x000024c4                __exidx_start = .
 *(.ARM.exidx*)
 .ARM.exidx     0x000024c4        0x8 c:/freescale/kds_v3/toolchain/bin/../lib/gcc/arm-none-eabi/4.8.4/../../../../arm-none-eabi/lib/armv6-m/crt0.o
                0x000024cc                __exidx_end = .

.rel.dyn        0x000024cc        0x0
 .rel.iplt      0x00000000        0x0 c:/freescale/kds_v3/toolchain/bin/../lib/gcc/arm-none-eabi/4.8.4/armv6-m/crtbegin.o

.ctors          0x000024cc        0x0
                0x000024cc                __CTOR_LIST__ = .
 *crtbegin.o(.ctors)
 *crtbegin?.o(.ctors)
 *(EXCLUDE_FILE(*crtend.o *crtend?.o) .ctors)
 *(SORT(.ctors.*))
 *(.ctors)
                0x000024cc                __CTOR_END__ = .

.dtors          0x000024cc        0x0
                0x000024cc                __DTOR_LIST__ = .
 *crtbegin.o(.dtors)
 *crtbegin?.o(.dtors)
 *(EXCLUDE_FILE(*crtend.o *crtend?.o) .dtors)
 *(SORT(.dtors.*))
 *(.dtors)
                0x000024cc                __DTOR_END__ = .

.preinit_array  0x000024cc        0x0
                0x000024cc                PROVIDE (__preinit_array_start, .)
 *(.preinit_array*)
                0x000024cc                PROVIDE (__preinit_array_end, .)

.init_array     0x000024cc        0x4
                0x000024cc                PROVIDE (__init_array_start, .)
 *(SORT(.init_array.*))
 *(.init_array*)
 .init_array    0x000024cc        0x4 c:/freescale/kds_v3/toolchain/bin/../lib/gcc/arm-none-eabi/4.8.4/armv6-m/crtbegin.o
                0x000024d0                PROVIDE (__init_array_end, .)

.fini_array     0x000024d0        0x4
                0x000024d0                PROVIDE (__fini_array_start, .)
 *(SORT(.fini_array.*))
 *(.fini_array*)
 .fini_array    0x000024d0        0x4 c:/freescale/kds_v3/toolchain/bin/../lib/gcc/arm-none-eabi/4.8.4/armv6-m/crtbegin.o
                0x000024d4                PROVIDE (__fini_array_end, .)
                0x000024d4                __etext = .
                0x000024d4                __DATA_ROM = .

.mtb            0x1ffff000        0x0
                0x1ffff000                . = ALIGN (0x8)
                0x1ffff000                _mtb_start = .
 *(.mtb_buf)
                0x1ffff000                . = ALIGN (0x8)
                0x1ffff000                _mtb_end = .

.data           0x1ffff000       0x70 load address 0x000024d4
                0x1ffff000                . = ALIGN (0x4)
                0x1ffff000                __DATA_RAM = .
                0x1ffff000                __data_start__ = .
 *(.data)
 *(.data*)
 .data.bright   0x1ffff000        0x4 ./Sources/message.o
                0x1ffff000                bright
 .data.SystemCoreClock
                0x1ffff004        0x4 ./Project_Settings/Startup_Code/system_MKL25Z4.o
                0x1ffff004                SystemCoreClock
 .data.impure_data
                0x1ffff008       0x60 c:/freescale/kds_v3/toolchain/bin/../lib/gcc/arm-none-eabi/4.8.4/../../../../arm-none-eabi/lib/armv6-m\libg_s.a(lib_a-impure.o)
 .data._impure_ptr
                0x1ffff068        0x4 c:/freescale/kds_v3/toolchain/bin/../lib/gcc/arm-none-eabi/4.8.4/../../../../arm-none-eabi/lib/armv6-m\libg_s.a(lib_a-impure.o)
                0x1ffff068                _impure_ptr
 *(.jcr*)
 .jcr           0x1ffff06c        0x0 c:/freescale/kds_v3/toolchain/bin/../lib/gcc/arm-none-eabi/4.8.4/armv6-m/crtbegin.o
 .jcr           0x1ffff06c        0x4 c:/freescale/kds_v3/toolchain/bin/../lib/gcc/arm-none-eabi/4.8.4/armv6-m/crtend.o
                0x1ffff070                . = ALIGN (0x4)
                0x1ffff070                __data_end__ = .
                0x00002544                __DATA_END = (__DATA_ROM + (__data_end__ - __data_start__))

.igot.plt       0x1ffff070        0x0 load address 0x00002544
 .igot.plt      0x00000000        0x0 c:/freescale/kds_v3/toolchain/bin/../lib/gcc/arm-none-eabi/4.8.4/armv6-m/crtbegin.o

.bss            0x1ffff070       0x64 load address 0x00002544
                0x1ffff070                . = ALIGN (0x4)
                0x1ffff070                __START_BSS = .
                0x1ffff070                __bss_start__ = .
 *(.bss)
 .bss           0x1ffff070       0x1c c:/freescale/kds_v3/toolchain/bin/../lib/gcc/arm-none-eabi/4.8.4/armv6-m/crtbegin.o
 *(.bss*)
 .bss.led_stat  0x1ffff08c        0x4 ./Sources/message.o
                0x1ffff08c                led_stat
 .bss.ov_count  0x1ffff090        0x1 ./Sources/profiler.o
                0x1ffff090                ov_count
 .bss.rx_byte   0x1ffff091        0x1 ./Sources/uart.o
                0x1ffff091                rx_byte
 *fill*         0x1ffff092        0x2 
 .bss.__malloc_sbrk_start
                0x1ffff094        0x4 c:/freescale/kds_v3/toolchain/bin/../lib/gcc/arm-none-eabi/4.8.4/../../../../arm-none-eabi/lib/armv6-m\libg_s.a(lib_a-nano-mallocr.o)
                0x1ffff094                __malloc_sbrk_start
 .bss.__malloc_free_list
                0x1ffff098        0x4 c:/freescale/kds_v3/toolchain/bin/../lib/gcc/arm-none-eabi/4.8.4/../../../../arm-none-eabi/lib/armv6-m\libg_s.a(lib_a-nano-mallocr.o)
                0x1ffff098                __malloc_free_list
 .bss.heap_end.4246
                0x1ffff09c        0x4 c:/freescale/kds_v3/toolchain/bin/../lib/gcc/arm-none-eabi/4.8.4/../../../../arm-none-eabi/lib/armv6-m\libnosys.a(sbrk.o)
 *(COMMON)
 COMMON         0x1ffff0a0       0x2c ./Sources/buffer.o
                0x1ffff0a0                MSG_PACK
                0x1ffff0b8                RXBUFF
 COMMON         0x1ffff0cc        0x1 ./Sources/uart.o
                0x1ffff0cc                packet_byte
 *fill*         0x1ffff0cd        0x3 
 COMMON         0x1ffff0d0        0x4 c:/freescale/kds_v3/toolchain/bin/../lib/gcc/arm-none-eabi/4.8.4/../../../../arm-none-eabi/lib/armv6-m\libg_s.a(lib_a-reent.o)
                0x1ffff0d0                errno
                0x1ffff0d4                . = ALIGN (0x4)
                0x1ffff0d4                __bss_end__ = .
                0x1ffff0d4                __END_BSS = .

.heap           0x1ffff0d4      0x404 load address 0x000025a8
                0x1ffff0d8                . = ALIGN (0x8)
 *fill*         0x1ffff0d4        0x4 
                0x1ffff0d8                __end__ = .
                0x1ffff0d8                PROVIDE (end, .)
                0x1ffff0d8                __HeapBase = .
                0x1ffff4d8                . = (. + HEAP_SIZE)
 *fill*         0x1ffff0d8      0x400 
                0x1ffff4d8                __HeapLimit = .

.stack          0x1ffff4d8      0x400 load address 0x000029ac
                0x1ffff4d8                . = ALIGN (0x8)
                0x1ffff8d8                . = (. + STACK_SIZE)
 *fill*         0x1ffff4d8      0x400 
                0x20003000                __StackTop = (ORIGIN (m_data) + 0x4000)
                0x20002c00                __StackLimit = (__StackTop - STACK_SIZE)
                0x20003000                PROVIDE (__stack, __StackTop)

.ARM.attributes
                0x00000000       0x28
 *(.ARM.attributes)
 .ARM.attributes
                0x00000000       0x1e c:/freescale/kds_v3/toolchain/bin/../lib/gcc/arm-none-eabi/4.8.4/armv6-m/crti.o
 .ARM.attributes
                0x0000001e       0x2c c:/freescale/kds_v3/toolchain/bin/../lib/gcc/arm-none-eabi/4.8.4/armv6-m/crtbegin.o
 .ARM.attributes
                0x0000004a       0x1b c:/freescale/kds_v3/toolchain/bin/../lib/gcc/arm-none-eabi/4.8.4/../../../../arm-none-eabi/lib/armv6-m/crt0.o
 .ARM.attributes
                0x00000065       0x32 ./Sources/buffer.o
 .ARM.attributes
                0x00000097       0x32 ./Sources/log.o
 .ARM.attributes
                0x000000c9       0x32 ./Sources/main.o
 .ARM.attributes
                0x000000fb       0x32 ./Sources/message.o
 .ARM.attributes
                0x0000012d       0x32 ./Sources/profiler.o
 .ARM.attributes
                0x0000015f       0x32 ./Sources/uart.o
 .ARM.attributes
                0x00000191       0x1b ./Project_Settings/Startup_Code/startup_MKL25Z4.o
 .ARM.attributes
                0x000001ac       0x32 ./Project_Settings/Startup_Code/system_MKL25Z4.o
 .ARM.attributes
                0x000001de       0x1e c:/freescale/kds_v3/toolchain/bin/../lib/gcc/arm-none-eabi/4.8.4/armv6-m\libgcc.a(_udivsi3.o)
 .ARM.attributes
                0x000001fc       0x1e c:/freescale/kds_v3/toolchain/bin/../lib/gcc/arm-none-eabi/4.8.4/armv6-m\libgcc.a(_dvmd_tls.o)
 .ARM.attributes
                0x0000021a       0x1e c:/freescale/kds_v3/toolchain/bin/../lib/gcc/arm-none-eabi/4.8.4/armv6-m\libgcc.a(_arm_cmpsf2.o)
 .ARM.attributes
                0x00000238       0x2c c:/freescale/kds_v3/toolchain/bin/../lib/gcc/arm-none-eabi/4.8.4/armv6-m\libgcc.a(_fixunssfsi.o)
 .ARM.attributes
                0x00000264       0x2c c:/freescale/kds_v3/toolchain/bin/../lib/gcc/arm-none-eabi/4.8.4/armv6-m\libgcc.a(addsf3.o)
 .ARM.attributes
                0x00000290       0x2c c:/freescale/kds_v3/toolchain/bin/../lib/gcc/arm-none-eabi/4.8.4/armv6-m\libgcc.a(eqsf2.o)
 .ARM.attributes
                0x000002bc       0x2c c:/freescale/kds_v3/toolchain/bin/../lib/gcc/arm-none-eabi/4.8.4/armv6-m\libgcc.a(gesf2.o)
 .ARM.attributes
                0x000002e8       0x2c c:/freescale/kds_v3/toolchain/bin/../lib/gcc/arm-none-eabi/4.8.4/armv6-m\libgcc.a(lesf2.o)
 .ARM.attributes
                0x00000314       0x2c c:/freescale/kds_v3/toolchain/bin/../lib/gcc/arm-none-eabi/4.8.4/armv6-m\libgcc.a(mulsf3.o)
 .ARM.attributes
                0x00000340       0x2c c:/freescale/kds_v3/toolchain/bin/../lib/gcc/arm-none-eabi/4.8.4/armv6-m\libgcc.a(subsf3.o)
 .ARM.attributes
                0x0000036c       0x2c c:/freescale/kds_v3/toolchain/bin/../lib/gcc/arm-none-eabi/4.8.4/armv6-m\libgcc.a(fixsfsi.o)
 .ARM.attributes
                0x00000398       0x2c c:/freescale/kds_v3/toolchain/bin/../lib/gcc/arm-none-eabi/4.8.4/armv6-m\libgcc.a(floatsisf.o)
 .ARM.attributes
                0x000003c4       0x2c c:/freescale/kds_v3/toolchain/bin/../lib/gcc/arm-none-eabi/4.8.4/armv6-m\libgcc.a(floatunsisf.o)
 .ARM.attributes
                0x000003f0       0x2c c:/freescale/kds_v3/toolchain/bin/../lib/gcc/arm-none-eabi/4.8.4/armv6-m\libgcc.a(floatsidf.o)
 .ARM.attributes
                0x0000041c       0x1e c:/freescale/kds_v3/toolchain/bin/../lib/gcc/arm-none-eabi/4.8.4/armv6-m\libgcc.a(_clzsi2.o)
 .ARM.attributes
                0x0000043a       0x2c c:/freescale/kds_v3/toolchain/bin/../lib/gcc/arm-none-eabi/4.8.4/../../../../arm-none-eabi/lib/armv6-m\libg_s.a(lib_a-exit.o)
 .ARM.attributes
                0x00000466       0x2c c:/freescale/kds_v3/toolchain/bin/../lib/gcc/arm-none-eabi/4.8.4/../../../../arm-none-eabi/lib/armv6-m\libg_s.a(lib_a-impure.o)
 .ARM.attributes
                0x00000492       0x2c c:/freescale/kds_v3/toolchain/bin/../lib/gcc/arm-none-eabi/4.8.4/../../../../arm-none-eabi/lib/armv6-m\libg_s.a(lib_a-init.o)
 .ARM.attributes
                0x000004be       0x2c c:/freescale/kds_v3/toolchain/bin/../lib/gcc/arm-none-eabi/4.8.4/../../../../arm-none-eabi/lib/armv6-m\libg_s.a(lib_a-malloc.o)
 .ARM.attributes
                0x000004ea       0x2c c:/freescale/kds_v3/toolchain/bin/../lib/gcc/arm-none-eabi/4.8.4/../../../../arm-none-eabi/lib/armv6-m\libg_s.a(lib_a-memset.o)
 .ARM.attributes
                0x00000516       0x2c c:/freescale/kds_v3/toolchain/bin/../lib/gcc/arm-none-eabi/4.8.4/../../../../arm-none-eabi/lib/armv6-m\libg_s.a(lib_a-nano-mallocr.o)
 .ARM.attributes
                0x00000542       0x2c c:/freescale/kds_v3/toolchain/bin/../lib/gcc/arm-none-eabi/4.8.4/../../../../arm-none-eabi/lib/armv6-m\libg_s.a(lib_a-sbrkr.o)
 .ARM.attributes
                0x0000056e       0x2c c:/freescale/kds_v3/toolchain/bin/../lib/gcc/arm-none-eabi/4.8.4/../../../../arm-none-eabi/lib/armv6-m\libg_s.a(lib_a-reent.o)
 .ARM.attributes
                0x0000059a       0x2c c:/freescale/kds_v3/toolchain/bin/../lib/gcc/arm-none-eabi/4.8.4/../../../../arm-none-eabi/lib/armv6-m\libnosys.a(sbrk.o)
 .ARM.attributes
                0x000005c6       0x2c c:/freescale/kds_v3/toolchain/bin/../lib/gcc/arm-none-eabi/4.8.4/../../../../arm-none-eabi/lib/armv6-m\libnosys.a(_exit.o)
 .ARM.attributes
                0x000005f2       0x2c c:/freescale/kds_v3/toolchain/bin/../lib/gcc/arm-none-eabi/4.8.4/armv6-m/crtend.o
 .ARM.attributes
                0x0000061e       0x1e c:/freescale/kds_v3/toolchain/bin/../lib/gcc/arm-none-eabi/4.8.4/armv6-m/crtn.o
                0x00000001                ASSERT ((__StackLimit >= __HeapLimit), region m_data overflowed with stack and heap)
OUTPUT(pro_3.elf elf32-littlearm)

.debug_info     0x00000000     0x251b
 .debug_info    0x00000000      0x326 ./Sources/buffer.o
 .debug_info    0x00000326      0x522 ./Sources/log.o
 .debug_info    0x00000848      0x316 ./Sources/main.o
 .debug_info    0x00000b5e      0x4f1 ./Sources/message.o
 .debug_info    0x0000104f      0x75c ./Sources/profiler.o
 .debug_info    0x000017ab      0x901 ./Sources/uart.o
 .debug_info    0x000020ac       0x82 ./Project_Settings/Startup_Code/startup_MKL25Z4.o
 .debug_info    0x0000212e      0x3ed ./Project_Settings/Startup_Code/system_MKL25Z4.o

.debug_abbrev   0x00000000      0x9d5
 .debug_abbrev  0x00000000      0x11b ./Sources/buffer.o
 .debug_abbrev  0x0000011b      0x17d ./Sources/log.o
 .debug_abbrev  0x00000298      0x117 ./Sources/main.o
 .debug_abbrev  0x000003af      0x179 ./Sources/message.o
 .debug_abbrev  0x00000528      0x1c5 ./Sources/profiler.o
 .debug_abbrev  0x000006ed      0x1cb ./Sources/uart.o
 .debug_abbrev  0x000008b8       0x14 ./Project_Settings/Startup_Code/startup_MKL25Z4.o
 .debug_abbrev  0x000008cc      0x109 ./Project_Settings/Startup_Code/system_MKL25Z4.o

.debug_aranges  0x00000000      0x1c8
 .debug_aranges
                0x00000000       0x50 ./Sources/buffer.o
 .debug_aranges
                0x00000050       0x50 ./Sources/log.o
 .debug_aranges
                0x000000a0       0x20 ./Sources/main.o
 .debug_aranges
                0x000000c0       0x48 ./Sources/message.o
 .debug_aranges
                0x00000108       0x40 ./Sources/profiler.o
 .debug_aranges
                0x00000148       0x38 ./Sources/uart.o
 .debug_aranges
                0x00000180       0x20 ./Project_Settings/Startup_Code/startup_MKL25Z4.o
 .debug_aranges
                0x000001a0       0x28 ./Project_Settings/Startup_Code/system_MKL25Z4.o

.debug_ranges   0x00000000      0x138
 .debug_ranges  0x00000000       0x40 ./Sources/buffer.o
 .debug_ranges  0x00000040       0x40 ./Sources/log.o
 .debug_ranges  0x00000080       0x10 ./Sources/main.o
 .debug_ranges  0x00000090       0x38 ./Sources/message.o
 .debug_ranges  0x000000c8       0x30 ./Sources/profiler.o
 .debug_ranges  0x000000f8       0x28 ./Sources/uart.o
 .debug_ranges  0x00000120       0x18 ./Project_Settings/Startup_Code/system_MKL25Z4.o

.debug_macro    0x00000000     0xa21c
 .debug_macro   0x00000000      0x16f ./Sources/buffer.o
 .debug_macro   0x0000016f      0x802 ./Sources/buffer.o
 .debug_macro   0x00000971       0x16 ./Sources/buffer.o
 .debug_macro   0x00000987       0x44 ./Sources/buffer.o
 .debug_macro   0x000009cb      0x209 ./Sources/buffer.o
 .debug_macro   0x00000bd4       0x1c ./Sources/buffer.o
 .debug_macro   0x00000bf0       0x58 ./Sources/buffer.o
 .debug_macro   0x00000c48      0x28c ./Sources/buffer.o
 .debug_macro   0x00000ed4       0x4c ./Sources/buffer.o
 .debug_macro   0x00000f20       0x3a ./Sources/buffer.o
 .debug_macro   0x00000f5a       0x26 ./Sources/buffer.o
 .debug_macro   0x00000f80      0x306 ./Sources/buffer.o
 .debug_macro   0x00001286       0x63 ./Sources/buffer.o
 .debug_macro   0x000012e9     0x839f ./Sources/buffer.o
 .debug_macro   0x00009688       0x46 ./Sources/buffer.o
 .debug_macro   0x000096ce       0x16 ./Sources/buffer.o
 .debug_macro   0x000096e4       0x58 ./Sources/buffer.o
 .debug_macro   0x0000973c       0x35 ./Sources/buffer.o
 .debug_macro   0x00009771       0xa3 ./Sources/buffer.o
 .debug_macro   0x00009814      0x166 ./Sources/buffer.o
 .debug_macro   0x0000997a       0x52 ./Sources/buffer.o
 .debug_macro   0x000099cc       0x16 ./Sources/buffer.o
 .debug_macro   0x000099e2       0x43 ./Sources/buffer.o
 .debug_macro   0x00009a25      0x180 ./Sources/buffer.o
 .debug_macro   0x00009ba5       0x35 ./Sources/buffer.o
 .debug_macro   0x00009bda       0x3c ./Sources/buffer.o
 .debug_macro   0x00009c16      0x15e ./Sources/log.o
 .debug_macro   0x00009d74       0xde ./Sources/log.o
 .debug_macro   0x00009e52       0xd3 ./Sources/main.o
 .debug_macro   0x00009f25       0xd3 ./Sources/message.o
 .debug_macro   0x00009ff8       0xd3 ./Sources/profiler.o
 .debug_macro   0x0000a0cb       0xd3 ./Sources/uart.o
 .debug_macro   0x0000a19e       0x7e ./Project_Settings/Startup_Code/system_MKL25Z4.o

.debug_line     0x00000000     0x1455
 .debug_line    0x00000000      0x333 ./Sources/buffer.o
 .debug_line    0x00000333      0x38a ./Sources/log.o
 .debug_line    0x000006bd      0x241 ./Sources/main.o
 .debug_line    0x000008fe      0x37a ./Sources/message.o
 .debug_line    0x00000c78      0x28e ./Sources/profiler.o
 .debug_line    0x00000f06      0x294 ./Sources/uart.o
 .debug_line    0x0000119a       0x7b ./Project_Settings/Startup_Code/startup_MKL25Z4.o
 .debug_line    0x00001215      0x240 ./Project_Settings/Startup_Code/system_MKL25Z4.o

.debug_str      0x00000000    0x34d0d
 .debug_str     0x00000000    0x33f6b ./Sources/buffer.o
                              0x34412 (size before relaxing)
 .debug_str     0x00033f6b      0x6f7 ./Sources/log.o
                              0x34a48 (size before relaxing)
 .debug_str     0x00034662       0x71 ./Sources/main.o
                              0x32df1 (size before relaxing)
 .debug_str     0x000346d3      0x1ef ./Sources/message.o
                              0x32f8b (size before relaxing)
 .debug_str     0x000348c2      0x323 ./Sources/profiler.o
                              0x3310e (size before relaxing)
 .debug_str     0x00034be5       0xac ./Sources/uart.o
                              0x33181 (size before relaxing)
 .debug_str     0x00034c91       0x7c ./Project_Settings/Startup_Code/system_MKL25Z4.o
                              0x31f00 (size before relaxing)

.comment        0x00000000       0x70
 .comment       0x00000000       0x70 ./Sources/buffer.o
                                 0x71 (size before relaxing)
 .comment       0x00000000       0x71 ./Sources/log.o
 .comment       0x00000000       0x71 ./Sources/main.o
 .comment       0x00000000       0x71 ./Sources/message.o
 .comment       0x00000000       0x71 ./Sources/profiler.o
 .comment       0x00000000       0x71 ./Sources/uart.o
 .comment       0x00000000       0x71 ./Project_Settings/Startup_Code/system_MKL25Z4.o

.debug_frame    0x00000000      0x804
 .debug_frame   0x00000000       0xf0 ./Sources/buffer.o
 .debug_frame   0x000000f0       0xf4 ./Sources/log.o
 .debug_frame   0x000001e4       0x30 ./Sources/main.o
 .debug_frame   0x00000214       0xd0 ./Sources/message.o
 .debug_frame   0x000002e4       0xa4 ./Sources/profiler.o
 .debug_frame   0x00000388       0x88 ./Sources/uart.o
 .debug_frame   0x00000410       0x4c ./Project_Settings/Startup_Code/system_MKL25Z4.o
 .debug_frame   0x0000045c       0x20 c:/freescale/kds_v3/toolchain/bin/../lib/gcc/arm-none-eabi/4.8.4/armv6-m\libgcc.a(_udivsi3.o)
 .debug_frame   0x0000047c       0x28 c:/freescale/kds_v3/toolchain/bin/../lib/gcc/arm-none-eabi/4.8.4/armv6-m\libgcc.a(_fixunssfsi.o)
 .debug_frame   0x000004a4       0x30 c:/freescale/kds_v3/toolchain/bin/../lib/gcc/arm-none-eabi/4.8.4/armv6-m\libgcc.a(addsf3.o)
 .debug_frame   0x000004d4       0x2c c:/freescale/kds_v3/toolchain/bin/../lib/gcc/arm-none-eabi/4.8.4/armv6-m\libgcc.a(eqsf2.o)
 .debug_frame   0x00000500       0x30 c:/freescale/kds_v3/toolchain/bin/../lib/gcc/arm-none-eabi/4.8.4/armv6-m\libgcc.a(gesf2.o)
 .debug_frame   0x00000530       0x30 c:/freescale/kds_v3/toolchain/bin/../lib/gcc/arm-none-eabi/4.8.4/armv6-m\libgcc.a(lesf2.o)
 .debug_frame   0x00000560       0x3c c:/freescale/kds_v3/toolchain/bin/../lib/gcc/arm-none-eabi/4.8.4/armv6-m\libgcc.a(mulsf3.o)
 .debug_frame   0x0000059c       0x30 c:/freescale/kds_v3/toolchain/bin/../lib/gcc/arm-none-eabi/4.8.4/armv6-m\libgcc.a(subsf3.o)
 .debug_frame   0x000005cc       0x20 c:/freescale/kds_v3/toolchain/bin/../lib/gcc/arm-none-eabi/4.8.4/armv6-m\libgcc.a(fixsfsi.o)
 .debug_frame   0x000005ec       0x2c c:/freescale/kds_v3/toolchain/bin/../lib/gcc/arm-none-eabi/4.8.4/armv6-m\libgcc.a(floatsisf.o)
 .debug_frame   0x00000618       0x28 c:/freescale/kds_v3/toolchain/bin/../lib/gcc/arm-none-eabi/4.8.4/armv6-m\libgcc.a(floatunsisf.o)
 .debug_frame   0x00000640       0x30 c:/freescale/kds_v3/toolchain/bin/../lib/gcc/arm-none-eabi/4.8.4/armv6-m\libgcc.a(floatsidf.o)
 .debug_frame   0x00000670       0x28 c:/freescale/kds_v3/toolchain/bin/../lib/gcc/arm-none-eabi/4.8.4/../../../../arm-none-eabi/lib/armv6-m\libg_s.a(lib_a-exit.o)
 .debug_frame   0x00000698       0x2c c:/freescale/kds_v3/toolchain/bin/../lib/gcc/arm-none-eabi/4.8.4/../../../../arm-none-eabi/lib/armv6-m\libg_s.a(lib_a-init.o)
 .debug_frame   0x000006c4       0x40 c:/freescale/kds_v3/toolchain/bin/../lib/gcc/arm-none-eabi/4.8.4/../../../../arm-none-eabi/lib/armv6-m\libg_s.a(lib_a-malloc.o)
 .debug_frame   0x00000704       0x20 c:/freescale/kds_v3/toolchain/bin/../lib/gcc/arm-none-eabi/4.8.4/../../../../arm-none-eabi/lib/armv6-m\libg_s.a(lib_a-memset.o)
 .debug_frame   0x00000724       0x2c c:/freescale/kds_v3/toolchain/bin/../lib/gcc/arm-none-eabi/4.8.4/../../../../arm-none-eabi/lib/armv6-m\libg_s.a(lib_a-nano-mallocr.o)
 .debug_frame   0x00000750       0x2c c:/freescale/kds_v3/toolchain/bin/../lib/gcc/arm-none-eabi/4.8.4/../../../../arm-none-eabi/lib/armv6-m\libg_s.a(lib_a-sbrkr.o)
 .debug_frame   0x0000077c       0x48 c:/freescale/kds_v3/toolchain/bin/../lib/gcc/arm-none-eabi/4.8.4/../../../../arm-none-eabi/lib/armv6-m\libg_s.a(lib_a-reent.o)
 .debug_frame   0x000007c4       0x20 c:/freescale/kds_v3/toolchain/bin/../lib/gcc/arm-none-eabi/4.8.4/../../../../arm-none-eabi/lib/armv6-m\libnosys.a(sbrk.o)
 .debug_frame   0x000007e4       0x20 c:/freescale/kds_v3/toolchain/bin/../lib/gcc/arm-none-eabi/4.8.4/../../../../arm-none-eabi/lib/armv6-m\libnosys.a(_exit.o)
